** Drc report for Orion.kicad_pcb **
** Created on 2026-09-29T18:12:19 **

** Found 41 DRC violations **
[courtyards_overlap]: Courtyards overlap
    ; error
    @(92.7039 mm, 48.5706 mm): Footprint R30
    @(93.0576 mm, 45.3702 mm): Footprint R33
[courtyards_overlap]: Courtyards overlap
    ; error
    @(93.8176 mm, 73.9198 mm): Footprint R32
    @(93.8176 mm, 75.5962 mm): Footprint R28
[shorting_items]: Items shorting two nets (nets TX3 and RX3)
    ; error
    @(115.8388 mm, 53.1132 mm): Pad 15 [TX3] of U1 on L1 (Sig, PWR)
    @(115.8388 mm, 53.1132 mm): Track [RX3] on L1 (Sig, PWR), length 3.5738 mm
[shorting_items]: Items shorting two nets (nets TX2 and RX2)
    ; error
    @(114.0738 mm, 44.2432 mm): Pad 8 [TX2] of U1 on L1 (Sig, PWR)
    @(114.0738 mm, 44.2432 mm): Track [RX2] on L1 (Sig, PWR), length 1.4980 mm
[shorting_items]: Items shorting two nets (nets TX2 and RX2)
    ; error
    @(114.0738 mm, 44.2432 mm): Pad 8 [TX2] of U1 on L1 (Sig, PWR)
    @(114.0738 mm, 45.5132 mm): Track [RX2] on L1 (Sig, PWR), length 1.2700 mm
[clearance]: Clearance violation (netclass 'Default' clearance 0.2000 mm; actual 0.0866 mm)
    ; error
    @(113.5652 mm, 97.9642 mm): Via [GND] on L1 (Sig, PWR) - L4 (Sig, PWR)
    @(112.7919 mm, 96.9736 mm): Pad 1 [+BATT] of R11 on L1 (Sig, PWR)
[shorting_items]: Items shorting two nets (nets Net-(BT1-+) and GND)
    ; error
    @(114.7919 mm, 96.9736 mm): Pad 2 [Net-(BT1-+)] of R11 on L1 (Sig, PWR)
    @(115.5972 mm, 96.1608 mm): Via [GND] on L1 (Sig, PWR) - L4 (Sig, PWR)
[clearance]: Clearance violation (netclass 'Default' clearance 0.2000 mm; actual 0.1692 mm)
    ; error
    @(112.5238 mm, 95.7544 mm): Via [GND] on L1 (Sig, PWR) - L4 (Sig, PWR)
    @(112.7919 mm, 96.9736 mm): Pad 1 [+BATT] of R11 on L1 (Sig, PWR)
[hole_clearance]: Hole clearance violation (board setup constraints hole clearance 0.2500 mm; actual 0.1822 mm)
    ; error
    @(114.7919 mm, 96.9736 mm): Pad 2 [Net-(BT1-+)] of R11 on L1 (Sig, PWR)
    @(115.5972 mm, 96.1608 mm): Via [GND] on L1 (Sig, PWR) - L4 (Sig, PWR)
[shorting_items]: Items shorting two nets (nets Net-(U7-BRB) and Net-(U7-BRA))
    ; error
    @(90.7676 mm, 73.9198 mm): Pad 1 [Net-(U7-BRB)] of R32 on L1 (Sig, PWR)
    @(90.7676 mm, 75.5962 mm): Pad 2 [Net-(U7-BRA)] of R28 on L1 (Sig, PWR)
[shorting_items]: Items shorting two nets (nets Net-(U8-BRA) and Net-(U8-BRB))
    ; error
    @(89.6539 mm, 48.5706 mm): Pad 2 [Net-(U8-BRA)] of R30 on L1 (Sig, PWR)
    @(90.0076 mm, 45.3702 mm): Pad 1 [Net-(U8-BRB)] of R33 on L1 (Sig, PWR)
[solder_mask_bridge]: Front solder mask aperture bridges items with different nets
    ; warning
    @(114.0738 mm, 45.5132 mm): Track [RX2] on L1 (Sig, PWR), length 1.2700 mm
    @(114.0738 mm, 44.2432 mm): Pad 8 [TX2] of U1 on L1 (Sig, PWR)
[solder_mask_bridge]: Front solder mask aperture bridges items with different nets
    ; warning
    @(114.0738 mm, 44.2432 mm): Track [RX2] on L1 (Sig, PWR), length 1.4980 mm
    @(114.0738 mm, 44.2432 mm): Pad 8 [TX2] of U1 on L1 (Sig, PWR)
[solder_mask_bridge]: Front solder mask aperture bridges items with different nets
    ; warning
    @(115.5972 mm, 96.1608 mm): Via [GND] on L1 (Sig, PWR) - L4 (Sig, PWR)
    @(114.7919 mm, 96.9736 mm): Pad 2 [Net-(BT1-+)] of R11 on L1 (Sig, PWR)
[solder_mask_bridge]: Front solder mask aperture bridges items with different nets
    ; warning
    @(115.8388 mm, 53.1132 mm): Track [RX3] on L1 (Sig, PWR), length 3.5738 mm
    @(115.8388 mm, 53.1132 mm): Pad 15 [TX3] of U1 on L1 (Sig, PWR)
[solder_mask_bridge]: Front solder mask aperture bridges items with different nets
    ; warning
    @(89.6539 mm, 48.5706 mm): Pad 2 [Net-(U8-BRA)] of R30 on L1 (Sig, PWR)
    @(90.0076 mm, 45.3702 mm): Pad 1 [Net-(U8-BRB)] of R33 on L1 (Sig, PWR)
[solder_mask_bridge]: Front solder mask aperture bridges items with different nets
    ; warning
    @(90.7676 mm, 73.9198 mm): Pad 1 [Net-(U7-BRB)] of R32 on L1 (Sig, PWR)
    @(90.7676 mm, 75.5962 mm): Pad 2 [Net-(U7-BRA)] of R28 on L1 (Sig, PWR)
[track_dangling]: Track has unconnected end
    ; warning
    @(85.7809 mm, 51.3466 mm): Track [Net-(U8-BRA)] on L1 (Sig, PWR), length 0.8621 mm
[track_dangling]: Track has unconnected end
    ; warning
    @(85.5318 mm, 50.5592 mm): Track [M1_A+] on L1 (Sig, PWR), length 0.7654 mm
[track_dangling]: Track has unconnected end
    ; warning
    @(75.921 mm, 62.3338 mm): Track [RX2] on L1 (Sig, PWR), length 2.3622 mm
[track_dangling]: Track has unconnected end
    ; warning
    @(74.096 mm, 59.6126 mm): Track [RX2] on L1 (Sig, PWR), length 2.7212 mm
[track_dangling]: Track has unconnected end
    ; warning
    @(85.7541 mm, 65.3859 mm): Track [Net-(U6-BRA)] on L1 (Sig, PWR), length 0.8621 mm
[track_dangling]: Track has unconnected end
    ; warning
    @(86.3637 mm, 63.0999 mm): Track [Net-(U6-BRB)] on L1 (Sig, PWR), length 3.0888 mm
[track_dangling]: Track has unconnected end
    ; warning
    @(86.3129 mm, 77.1635 mm): Track [Net-(U7-BRB)] on L1 (Sig, PWR), length 3.0888 mm
[track_dangling]: Track has unconnected end
    ; warning
    @(86.3905 mm, 49.0606 mm): Track [Net-(U8-BRB)] on L1 (Sig, PWR), length 3.0888 mm
[track_dangling]: Track has unconnected end
    ; warning
    @(75.9478 mm, 50.6567 mm): Track [RX1] on L1 (Sig, PWR), length 2.3622 mm
[track_dangling]: Track has unconnected end
    ; warning
    @(74.1228 mm, 44.5574 mm): Track [RX1] on L4 (Sig, PWR), length 2.0452 mm
[track_dangling]: Track has unconnected end
    ; warning
    @(85.7033 mm, 79.4495 mm): Track [Net-(U7-BRA)] on L1 (Sig, PWR), length 0.8621 mm
[track_dangling]: Track has unconnected end
    ; warning
    @(75.8702 mm, 76.3974 mm): Track [RX3] on L1 (Sig, PWR), length 2.3622 mm
[track_dangling]: Track has unconnected end
    ; warning
    @(74.0452 mm, 76.3974 mm): Track [RX3] on L1 (Sig, PWR), length 2.8656 mm
[silk_edge_clearance]: Silkscreen clipped by board edge
    ; warning (excluded)
    @(64.2638 mm, 33.9054 mm): Rectangle on Edge.Cuts
    @(128.577 mm, 105.0246 mm): Segment of J2 on F.Silkscreen
[silk_edge_clearance]: Silkscreen clipped by board edge
    ; warning (excluded)
    @(64.2638 mm, 33.9054 mm): Rectangle on Edge.Cuts
    @(137.517 mm, 106.3046 mm): Segment of J2 on F.Silkscreen
[silk_edge_clearance]: Silkscreen clipped by board edge
    ; warning (excluded)
    @(64.2638 mm, 33.9054 mm): Rectangle on Edge.Cuts
    @(113.6238 mm, 27.7132 mm): Segment of U1 on F.Silkscreen
[silk_edge_clearance]: Silkscreen clipped by board edge
    ; warning (excluded)
    @(64.2638 mm, 33.9054 mm): Rectangle on Edge.Cuts
    @(132.0238 mm, 27.7132 mm): Segment of U1 on F.Silkscreen
[clearance]: Clearance violation (rule 'pad to pad clearance (without hole, different nets)' clearance 0.2000 mm; actual 0.1500 mm)
    ; error (excluded)
    @(114.0667 mm, 94.7782 mm): Pad 2 [Net-(BT1-+)] of U4 on L1 (Sig, PWR)
    @(113.4167 mm, 94.7782 mm): Pad 1 [+BATT] of U4 on L1 (Sig, PWR)
[clearance]: Clearance violation (rule 'pad to pad clearance (without hole, different nets)' clearance 0.2000 mm; actual 0.1500 mm)
    ; error (excluded)
    @(114.0667 mm, 94.7782 mm): Pad 2 [Net-(BT1-+)] of U4 on L1 (Sig, PWR)
    @(114.7167 mm, 94.7782 mm): Pad 3 [GND] of U4 on L1 (Sig, PWR)
[clearance]: Clearance violation (rule 'pad to pad clearance (without hole, different nets)' clearance 0.2000 mm; actual 0.1500 mm)
    ; error (excluded)
    @(114.7167 mm, 94.7782 mm): Pad 3 [GND] of U4 on L1 (Sig, PWR)
    @(115.3667 mm, 94.7782 mm): Pad 4 [+3.3V] of U4 on L1 (Sig, PWR)
[clearance]: Clearance violation (rule 'pad to pad clearance (without hole, different nets)' clearance 0.2000 mm; actual 0.1500 mm)
    ; error (excluded)
    @(115.3667 mm, 92.5032 mm): Pad 5 [/Project Architecture/MCU/INA_SCL] of U4 on L1 (Sig, PWR)
    @(114.7167 mm, 92.5032 mm): Pad 6 [/Project Architecture/MCU/INA_SDA] of U4 on L1 (Sig, PWR)
[clearance]: Clearance violation (rule 'pad to pad clearance (without hole, different nets)' clearance 0.2000 mm; actual 0.1500 mm)
    ; error (excluded)
    @(114.7167 mm, 92.5032 mm): Pad 6 [/Project Architecture/MCU/INA_SDA] of U4 on L1 (Sig, PWR)
    @(114.0667 mm, 92.5032 mm): Pad 7 [GND] of U4 on L1 (Sig, PWR)
[hole_clearance]: Hole clearance violation (rule 'NPTH with copper around' clearance 0.2000 mm; actual 0.1751 mm)
    ; error (excluded)
    @(129.847 mm, 98.9496 mm): Pad A1_B12 [GND] of J2 on L1 (Sig, PWR)
    @(130.157 mm, 100.0246 mm): NPTH pad of J2
[hole_clearance]: Hole clearance violation (rule 'NPTH with copper around' clearance 0.2000 mm; actual 0.1751 mm)
    ; error (excluded)
    @(136.247 mm, 98.9496 mm): Pad B1_A12 [GND] of J2 on L1 (Sig, PWR)
    @(135.937 mm, 100.0246 mm): NPTH pad of J2

** Found 16 unconnected pads **
[unconnected_items]: Missing connection between items
    ; error
    @(89.6539 mm, 48.5706 mm): Pad 2 [Net-(U8-BRA)] of R30 on L1 (Sig, PWR)
    @(85.7809 mm, 51.3466 mm): Track [Net-(U8-BRA)] on L1 (Sig, PWR), length 0.8621 mm
[unconnected_items]: Missing connection between items
    ; error
    @(74.096 mm, 59.6126 mm): Track [RX2] on L1 (Sig, PWR), length 2.7212 mm
    @(75.921 mm, 62.3338 mm): Track [RX2] on L1 (Sig, PWR), length 2.3622 mm
[unconnected_items]: Missing connection between items
    ; error
    @(105.078634 mm, 44.2178 mm): Track [RX2] on L4 (Sig, PWR), length 10.5186 mm
    @(107.4886 mm, 44.405 mm): Pad 2 [RX2] of R19 on L1 (Sig, PWR)
[unconnected_items]: Missing connection between items
    ; error
    @(85.7541 mm, 65.3859 mm): Track [Net-(U6-BRA)] on L1 (Sig, PWR), length 0.8621 mm
    @(96.508 mm, 63.2264 mm): Pad 2 [Net-(U6-BRA)] of R26 on L1 (Sig, PWR)
[unconnected_items]: Missing connection between items
    ; error
    @(86.3637 mm, 63.0999 mm): Track [Net-(U6-BRB)] on L1 (Sig, PWR), length 3.0888 mm
    @(88.2276 mm, 59.8228 mm): Pad 1 [Net-(U6-BRB)] of R31 on L1 (Sig, PWR)
[unconnected_items]: Missing connection between items
    ; error
    @(86.3129 mm, 77.1635 mm): Track [Net-(U7-BRB)] on L1 (Sig, PWR), length 3.0888 mm
    @(90.7676 mm, 73.9198 mm): Pad 1 [Net-(U7-BRB)] of R32 on L1 (Sig, PWR)
[unconnected_items]: Missing connection between items
    ; error
    @(86.3905 mm, 49.0606 mm): Track [Net-(U8-BRB)] on L1 (Sig, PWR), length 3.0888 mm
    @(90.0076 mm, 45.3702 mm): Pad 1 [Net-(U8-BRB)] of R33 on L1 (Sig, PWR)
[unconnected_items]: Missing connection between items
    ; error
    @(74.1228 mm, 44.5574 mm): Track [RX1] on L4 (Sig, PWR), length 2.0452 mm
    @(75.9478 mm, 50.6567 mm): Track [RX1] on L1 (Sig, PWR), length 2.3622 mm
[unconnected_items]: Missing connection between items
    ; error
    @(109.1612 mm, 41.0268 mm): Pad 2 [RX1] of R21 on L1 (Sig, PWR)
    @(114.0738 mm, 40.4332 mm): Pad 5 [RX1] of U1 on L1 (Sig, PWR)
[unconnected_items]: Missing connection between items
    ; error
    @(114.0738 mm, 40.4332 mm): Pad 5 [RX1] of U1 on L1 (Sig, PWR)
    @(115.5718 mm, 39.1632 mm): Track [RX1] on L1 (Sig, PWR), length 0.0359 mm
[unconnected_items]: Missing connection between items
    ; error
    @(90.7676 mm, 75.5962 mm): Pad 2 [Net-(U7-BRA)] of R28 on L1 (Sig, PWR)
    @(85.7033 mm, 79.4495 mm): Track [Net-(U7-BRA)] on L1 (Sig, PWR), length 0.8621 mm
[unconnected_items]: Missing connection between items
    ; error
    @(107.3362 mm, 41.0268 mm): Pad 1 [TX1] of R21 on L1 (Sig, PWR)
    @(114.0738 mm, 39.1632 mm): Pad 4 [TX1] of U1 on L1 (Sig, PWR)
[unconnected_items]: Missing connection between items
    ; error
    @(109.3136 mm, 44.405 mm): Pad 1 [TX2] of R19 on L1 (Sig, PWR)
    @(114.0738 mm, 44.2432 mm): Pad 8 [TX2] of U1 on L1 (Sig, PWR)
[unconnected_items]: Missing connection between items
    ; error
    @(75.8702 mm, 76.3974 mm): Track [RX3] on L1 (Sig, PWR), length 2.3622 mm
    @(74.0452 mm, 76.3974 mm): Track [RX3] on L1 (Sig, PWR), length 2.8656 mm
[unconnected_items]: Missing connection between items
    ; error
    @(115.8388 mm, 53.1132 mm): Track [RX3] on L1 (Sig, PWR), length 3.5738 mm
    @(115.896 mm, 55.9874 mm): Pad 2 [RX3] of R20 on L1 (Sig, PWR)
[unconnected_items]: Missing connection between items
    ; error
    @(115.8388 mm, 53.1132 mm): Pad 15 [TX3] of U1 on L1 (Sig, PWR)
    @(117.721 mm, 55.9874 mm): Pad 1 [TX3] of R20 on L1 (Sig, PWR)

** Found 0 Footprint errors **

** End of Report **
