2026-06-03 11:52:25,416 - INFO - Successfully plotted Top layer
2026-06-03 11:52:25,428 - INFO - Successfully plotted Silk top
2026-06-03 11:52:25,438 - INFO - Successfully plotted Mask top
2026-06-03 11:52:25,446 - INFO - Successfully plotted Paste top
2026-06-03 11:52:25,456 - INFO - Successfully plotted Bottom layer
2026-06-03 11:52:25,467 - INFO - Successfully plotted Silk top
2026-06-03 11:52:25,475 - INFO - Successfully plotted Mask bottom
2026-06-03 11:52:25,483 - INFO - Successfully plotted Paste bottom
2026-06-03 11:52:25,491 - INFO - Successfully plotted Edges
2026-06-03 11:52:25,499 - INFO - Successfully plotted V score cut
2026-06-03 11:52:25,532 - INFO - Finished generating Drill files
2026-06-03 11:53:22,161 - INFO - Successfully plotted Top layer
2026-06-03 11:53:22,196 - INFO - Successfully plotted Silk top
2026-06-03 11:53:22,216 - INFO - Successfully plotted Mask top
2026-06-03 11:53:22,232 - INFO - Successfully plotted Paste top
2026-06-03 11:53:22,261 - INFO - Successfully plotted Inner layer 1
2026-06-03 11:53:22,303 - INFO - Successfully plotted Inner layer 2
2026-06-03 11:53:22,342 - INFO - Successfully plotted Bottom layer
2026-06-03 11:53:22,365 - INFO - Successfully plotted Silk top
2026-06-03 11:53:22,383 - INFO - Successfully plotted Mask bottom
2026-06-03 11:53:22,398 - INFO - Successfully plotted Paste bottom
2026-06-03 11:53:22,410 - INFO - Successfully plotted Edges
2026-06-03 11:53:22,423 - INFO - Successfully plotted V score cut
2026-06-03 11:53:22,474 - INFO - Finished generating Drill files
2026-06-03 11:56:36,576 - INFO - Successfully plotted Top layer
2026-06-03 11:56:36,607 - INFO - Successfully plotted Silk top
2026-06-03 11:56:36,626 - INFO - Successfully plotted Mask top
2026-06-03 11:56:36,642 - INFO - Successfully plotted Paste top
2026-06-03 11:56:36,669 - INFO - Successfully plotted Inner layer 1
2026-06-03 11:56:36,710 - INFO - Successfully plotted Inner layer 2
2026-06-03 11:56:36,747 - INFO - Successfully plotted Bottom layer
2026-06-03 11:56:36,770 - INFO - Successfully plotted Silk top
2026-06-03 11:56:36,788 - INFO - Successfully plotted Mask bottom
2026-06-03 11:56:36,802 - INFO - Successfully plotted Paste bottom
2026-06-03 11:56:36,814 - INFO - Successfully plotted Edges
2026-06-03 11:56:36,826 - INFO - Successfully plotted V score cut
2026-06-03 11:56:36,874 - INFO - Finished generating Drill files
2026-06-03 13:36:58,632 - INFO - Successfully plotted Top layer
2026-06-03 13:36:58,734 - INFO - Successfully plotted Silk top
2026-06-03 13:36:58,756 - INFO - Successfully plotted Mask top
2026-06-03 13:36:58,772 - INFO - Successfully plotted Paste top
2026-06-03 13:36:58,801 - INFO - Successfully plotted Inner layer 1
2026-06-03 13:36:58,845 - INFO - Successfully plotted Inner layer 2
2026-06-03 13:36:58,886 - INFO - Successfully plotted Bottom layer
2026-06-03 13:36:58,909 - INFO - Successfully plotted Silk top
2026-06-03 13:36:58,928 - INFO - Successfully plotted Mask bottom
2026-06-03 13:36:58,942 - INFO - Successfully plotted Paste bottom
2026-06-03 13:36:58,955 - INFO - Successfully plotted Edges
2026-06-03 13:36:58,969 - INFO - Successfully plotted V score cut
2026-06-03 13:36:59,018 - INFO - Finished generating Drill files
2026-06-03 16:24:20,026 - INFO - Successfully plotted Top layer
2026-06-03 16:24:20,038 - INFO - Successfully plotted Silk top
2026-06-03 16:24:20,048 - INFO - Successfully plotted Mask top
2026-06-03 16:24:20,057 - INFO - Successfully plotted Paste top
2026-06-03 16:24:20,067 - INFO - Successfully plotted Bottom layer
2026-06-03 16:24:20,080 - INFO - Successfully plotted Silk top
2026-06-03 16:24:20,089 - INFO - Successfully plotted Mask bottom
2026-06-03 16:24:20,097 - INFO - Successfully plotted Paste bottom
2026-06-03 16:24:20,106 - INFO - Successfully plotted Edges
2026-06-03 16:24:20,114 - INFO - Successfully plotted V score cut
2026-06-03 16:24:20,148 - INFO - Finished generating Drill files
2026-06-03 16:55:45,536 - INFO - Successfully plotted Top layer
2026-06-03 16:55:45,552 - INFO - Successfully plotted Silk top
2026-06-03 16:55:45,568 - INFO - Successfully plotted Mask top
2026-06-03 16:55:45,582 - INFO - Successfully plotted Paste top
2026-06-03 16:55:45,597 - INFO - Successfully plotted Bottom layer
2026-06-03 16:55:45,612 - INFO - Successfully plotted Silk top
2026-06-03 16:55:45,627 - INFO - Successfully plotted Mask bottom
2026-06-03 16:55:45,639 - INFO - Successfully plotted Paste bottom
2026-06-03 16:55:45,651 - INFO - Successfully plotted Edges
2026-06-03 16:55:45,662 - INFO - Successfully plotted V score cut
2026-06-03 16:55:45,704 - INFO - Finished generating Drill files
2026-06-03 16:56:11,026 - INFO - Successfully plotted Top layer
2026-06-03 16:56:11,041 - INFO - Successfully plotted Silk top
2026-06-03 16:56:11,053 - INFO - Successfully plotted Mask top
2026-06-03 16:56:11,065 - INFO - Successfully plotted Paste top
2026-06-03 16:56:11,079 - INFO - Successfully plotted Bottom layer
2026-06-03 16:56:11,095 - INFO - Successfully plotted Silk top
2026-06-03 16:56:11,110 - INFO - Successfully plotted Mask bottom
2026-06-03 16:56:11,122 - INFO - Successfully plotted Paste bottom
2026-06-03 16:56:11,132 - INFO - Successfully plotted Edges
2026-06-03 16:56:11,143 - INFO - Successfully plotted V score cut
2026-06-03 16:56:11,182 - INFO - Finished generating Drill files
2026-06-03 16:56:26,880 - INFO - Successfully plotted Top layer
2026-06-03 16:56:26,895 - INFO - Successfully plotted Silk top
2026-06-03 16:56:26,908 - INFO - Successfully plotted Mask top
2026-06-03 16:56:26,919 - INFO - Successfully plotted Paste top
2026-06-03 16:56:26,933 - INFO - Successfully plotted Bottom layer
2026-06-03 16:56:26,948 - INFO - Successfully plotted Silk top
2026-06-03 16:56:26,962 - INFO - Successfully plotted Mask bottom
2026-06-03 16:56:26,975 - INFO - Successfully plotted Paste bottom
2026-06-03 16:56:26,987 - INFO - Successfully plotted Edges
2026-06-03 16:56:26,999 - INFO - Successfully plotted V score cut
2026-06-03 16:56:27,037 - INFO - Finished generating Drill files
2026-06-04 14:47:10,473 - INFO - Successfully plotted Top layer
2026-06-04 14:47:10,503 - INFO - Successfully plotted Silk top
2026-06-04 14:47:10,522 - INFO - Successfully plotted Mask top
2026-06-04 14:47:10,537 - INFO - Successfully plotted Paste top
2026-06-04 14:47:10,567 - INFO - Successfully plotted Inner layer 1
2026-06-04 14:47:10,609 - INFO - Successfully plotted Inner layer 2
2026-06-04 14:47:10,648 - INFO - Successfully plotted Bottom layer
2026-06-04 14:47:10,670 - INFO - Successfully plotted Silk top
2026-06-04 14:47:10,686 - INFO - Successfully plotted Mask bottom
2026-06-04 14:47:10,699 - INFO - Successfully plotted Paste bottom
2026-06-04 14:47:10,710 - INFO - Successfully plotted Edges
2026-06-04 14:47:10,722 - INFO - Successfully plotted V score cut
2026-06-04 14:47:10,770 - INFO - Finished generating Drill files
2026-06-04 15:11:59,419 - INFO - Successfully plotted Top layer
2026-06-04 15:11:59,432 - INFO - Successfully plotted Silk top
2026-06-04 15:11:59,443 - INFO - Successfully plotted Mask top
2026-06-04 15:11:59,454 - INFO - Successfully plotted Paste top
2026-06-04 15:11:59,467 - INFO - Successfully plotted Bottom layer
2026-06-04 15:11:59,482 - INFO - Successfully plotted Silk top
2026-06-04 15:11:59,494 - INFO - Successfully plotted Mask bottom
2026-06-04 15:11:59,504 - INFO - Successfully plotted Paste bottom
2026-06-04 15:11:59,513 - INFO - Successfully plotted Edges
2026-06-04 15:11:59,523 - INFO - Successfully plotted V score cut
2026-06-04 15:11:59,556 - INFO - Finished generating Drill files
2026-06-04 15:16:15,514 - INFO - Successfully plotted Top layer
2026-06-04 15:16:15,528 - INFO - Successfully plotted Silk top
2026-06-04 15:16:15,538 - INFO - Successfully plotted Mask top
2026-06-04 15:16:15,548 - INFO - Successfully plotted Paste top
2026-06-04 15:16:15,560 - INFO - Successfully plotted Bottom layer
2026-06-04 15:16:15,583 - INFO - Successfully plotted Silk top
2026-06-04 15:16:15,593 - INFO - Successfully plotted Mask bottom
2026-06-04 15:16:15,602 - INFO - Successfully plotted Paste bottom
2026-06-04 15:16:15,611 - INFO - Successfully plotted Edges
2026-06-04 15:16:15,619 - INFO - Successfully plotted V score cut
2026-06-04 15:16:15,647 - INFO - Finished generating Drill files
